// Jest Snapshot v1, https://goo.gl/fbAQLP

exports[`renders a snapshot 1`] = `
<div
  className="App"
>
  <div
    className="App-header"
  >
    <img
      alt="logo"
      className="App-logo"
      src="logo.svg"
    />
  </div>
  <div
    className="App-intro"
  >
    <form
      method="POST"
      onSubmit={[Function]}
    >
      <input
        autoComplete="off"
        name="newTodo"
        placeholder="add a new todo"
      />
      <button
        type="submit"
      >
        add
      </button>
      <div>
        <small>
          <em>
            double click a todo to edit
          </em>
        </small>
        <br />
        <small>
          <em>
            alt + click a todo to mark as done
          </em>
        </small>
        <br />
      </div>
      <div
        className="Todo-progress"
      >
        <div
          className="Todo-progress-bar"
          style={
            Object {
              "width": "NaN%",
            }
          }
        />
        <div
          className="Todo-progress-text"
        >
          &lt;none&gt;
        </div>
      </div>
      <div
        className="Todo-list"
      />
    </form>
    <div
      style={
        Object {
          "margin": 40,
        }
      }
    >
      <button
        onClick={[Function]}
      >
        load Counter module async
      </button>
    </div>
  </div>
</div>
`;
